[    0.000000] Initializing cgroup subsys cpuset
[    0.000000] Initializing cgroup subsys cpu
[    0.000000] Initializing cgroup subsys cpuacct
[    0.000000] Linux version 4.4.0-146-generic (buildd@lcy01-amd64-025) (gcc version 5.4.0 20160609 (Ubuntu 5.4.0-6ubuntu1~16.04.10) ) #172-Ubuntu SMP Wed Apr 3 09:00:08 UTC 2019 (Ubuntu 4.4.0-146.172-generic 4.4.177)
[    0.000000] Command line: BOOT_IMAGE=/boot/vmlinuz-4.4.0-146-generic root=LABEL=cloudimg-rootfs ro console=tty1 console=ttyS0
[    0.000000] KERNEL supported cpus:
[    0.000000]   Intel GenuineIntel
[    0.000000]   AMD AuthenticAMD
[    0.000000]   Centaur CentaurHauls
[    0.000000] x86/fpu: xstate_offset[2]:  576, xstate_sizes[2]:  256
[    0.000000] x86/fpu: Supporting XSAVE feature 0x01: 'x87 floating point registers'
[    0.000000] x86/fpu: Supporting XSAVE feature 0x02: 'SSE registers'
[    0.000000] x86/fpu: Supporting XSAVE feature 0x04: 'AVX registers'
[    0.000000] x86/fpu: Enabled xstate features 0x7, context size is 832 bytes, using 'standard' format.
[    0.000000] e820: BIOS-provided physical RAM map:
[    0.000000] BIOS-e820: [mem 0x0000000000000000-0x000000000009fbff] usable
[    0.000000] BIOS-e820: [mem 0x000000000009fc00-0x000000000009ffff] reserved
[    0.000000] BIOS-e820: [mem 0x00000000000f0000-0x00000000000fffff] reserved
[    0.000000] BIOS-e820: [mem 0x0000000000100000-0x000000003ffeffff] usable
[    0.000000] BIOS-e820: [mem 0x000000003fff0000-0x000000003fffffff] ACPI data
[    0.000000] BIOS-e820: [mem 0x00000000fec00000-0x00000000fec00fff] reserved
[    0.000000] BIOS-e820: [mem 0x00000000fee00000-0x00000000fee00fff] reserved
[    0.000000] BIOS-e820: [mem 0x00000000fffc0000-0x00000000ffffffff] reserved
[    0.000000] NX (Execute Disable) protection: active
[    0.000000] SMBIOS 2.5 present.
[    0.000000] Hypervisor detected: KVM
[    0.000000] e820: last_pfn = 0x3fff0 max_arch_pfn = 0x400000000
[    0.000000] MTRR: Disabled
[    0.000000] x86/PAT: MTRRs disabled, skipping PAT initialization too.
[    0.000000] CPU MTRRs all blank - virtualized system.
[    0.000000] x86/PAT: Configuration [0-7]: WB  WT  UC- UC  WB  WT  UC- UC  
[    0.000000] found SMP MP-table at [mem 0x0009fff0-0x0009ffff] mapped at [ffff88000009fff0]
[    0.000000] Scanning 1 areas for low memory corruption
[    0.000000] RAMDISK: [mem 0x362fa000-0x37174fff]
[    0.000000] ACPI: Early table checksum verification disabled
[    0.000000] ACPI: RSDP 0x00000000000E0000 000024 (v02 VBOX  )
[    0.000000] ACPI: XSDT 0x000000003FFF0030 00003C (v01 VBOX   VBOXXSDT 00000001 ASL  00000061)
[    0.000000] ACPI: FACP 0x000000003FFF00F0 0000F4 (v04 VBOX   VBOXFACP 00000001 ASL  00000061)
[    0.000000] ACPI: DSDT 0x000000003FFF0470 0022EA (v02 VBOX   VBOXBIOS 00000002 INTL 20100528)
[    0.000000] ACPI: FACS 0x000000003FFF0200 000040
[    0.000000] ACPI: FACS 0x000000003FFF0200 000040
[    0.000000] ACPI: APIC 0x000000003FFF0240 00005C (v02 VBOX   VBOXAPIC 00000001 ASL  00000061)
[    0.000000] ACPI: SSDT 0x000000003FFF02A0 0001CC (v01 VBOX   VBOXCPUT 00000002 INTL 20100528)
[    0.000000] No NUMA configuration found
[    0.000000] Faking a node at [mem 0x0000000000000000-0x000000003ffeffff]
[    0.000000] NODE_DATA(0) allocated [mem 0x3ffeb000-0x3ffeffff]
[    0.000000] kvm-clock: Using msrs 4b564d01 and 4b564d00
[    0.000000] kvm-clock: cpu 0, msr 0:3ffe3001, primary cpu clock
[    0.000000] kvm-clock: using sched offset of 8579708148 cycles
[    0.000000] clocksource: kvm-clock: mask: 0xffffffffffffffff max_cycles: 0x1cd42e4dffb, max_idle_ns: 881590591483 ns
[    0.000000] Zone ranges:
[    0.000000]   DMA      [mem 0x0000000000001000-0x0000000000ffffff]
[    0.000000]   DMA32    [mem 0x0000000001000000-0x000000003ffeffff]
[    0.000000]   Normal   empty
[    0.000000]   Device   empty
[    0.000000] Movable zone start for each node
[    0.000000] Early memory node ranges
[    0.000000]   node   0: [mem 0x0000000000001000-0x000000000009efff]
[    0.000000]   node   0: [mem 0x0000000000100000-0x000000003ffeffff]
[    0.000000] Initmem setup node 0 [mem 0x0000000000001000-0x000000003ffeffff]
[    0.000000] ACPI: PM-Timer IO Port: 0x4008
[    0.000000] IOAPIC[0]: apic_id 2, version 32, address 0xfec00000, GSI 0-23
[    0.000000] ACPI: INT_SRC_OVR (bus 0 bus_irq 0 global_irq 2 dfl dfl)
[    0.000000] ACPI: INT_SRC_OVR (bus 0 bus_irq 9 global_irq 9 low level)
[    0.000000] Using ACPI (MADT) for SMP configuration information
[    0.000000] smpboot: Allowing 2 CPUs, 0 hotplug CPUs
[    0.000000] PM: Registered nosave memory: [mem 0x00000000-0x00000fff]
[    0.000000] PM: Registered nosave memory: [mem 0x0009f000-0x0009ffff]
[    0.000000] PM: Registered nosave memory: [mem 0x000a0000-0x000effff]
[    0.000000] PM: Registered nosave memory: [mem 0x000f0000-0x000fffff]
[    0.000000] e820: [mem 0x40000000-0xfebfffff] available for PCI devices
[    0.000000] Booting paravirtualized kernel on KVM
[    0.000000] clocksource: refined-jiffies: mask: 0xffffffff max_cycles: 0xffffffff, max_idle_ns: 7645519600211568 ns
[    0.000000] setup_percpu: NR_CPUS:512 nr_cpumask_bits:512 nr_cpu_ids:2 nr_node_ids:1
[    0.000000] PERCPU: Embedded 34 pages/cpu @ffff88003fc00000 s99480 r8192 d31592 u1048576
[    0.000000] Built 1 zonelists in Node order, mobility grouping on.  Total pages: 257912
[    0.000000] Policy zone: DMA32
[    0.000000] Kernel command line: BOOT_IMAGE=/boot/vmlinuz-4.4.0-146-generic root=LABEL=cloudimg-rootfs ro console=tty1 console=ttyS0
[    0.000000] PID hash table entries: 4096 (order: 3, 32768 bytes)
[    0.000000] Memory: 997732K/1048120K available (8609K kernel code, 1334K rwdata, 4028K rodata, 1484K init, 1284K bss, 50388K reserved, 0K cma-reserved)
[    0.000000] SLUB: HWalign=64, Order=0-3, MinObjects=0, CPUs=2, Nodes=1
[    0.000000] Kernel/User page tables isolation: enabled
[    0.000000] Hierarchical RCU implementation.
[    0.000000] 	Build-time adjustment of leaf fanout to 64.
[    0.000000] 	RCU restricting CPUs from NR_CPUS=512 to nr_cpu_ids=2.
[    0.000000] RCU: Adjusting geometry for rcu_fanout_leaf=64, nr_cpu_ids=2
[    0.000000] NR_IRQS:33024 nr_irqs:440 16
[    0.000000] Console: colour VGA+ 80x25
[    0.000000] console [tty1] enabled
[    0.000000] console [ttyS0] enabled
[    0.000000] tsc: Detected 1599.999 MHz processor
[    0.380207] Calibrating delay loop (skipped) preset value.. 3199.99 BogoMIPS (lpj=6399996)
[    0.384594] pid_max: default: 32768 minimum: 301
[    0.387029] ACPI: Core revision 20150930
[    0.390054] ACPI: 2 ACPI AML tables successfully acquired and loaded
[    0.393368] Security Framework initialized
[    0.395513] Yama: becoming mindful.
[    0.397577] AppArmor: AppArmor initialized
[    0.399796] Dentry cache hash table entries: 131072 (order: 8, 1048576 bytes)
[    0.404915] Inode-cache hash table entries: 65536 (order: 7, 524288 bytes)
[    0.407867] Mount-cache hash table entries: 2048 (order: 2, 16384 bytes)
[    0.411223] Mountpoint-cache hash table entries: 2048 (order: 2, 16384 bytes)
[    0.415019] Initializing cgroup subsys io
[    0.417086] Initializing cgroup subsys memory
[    0.419378] Initializing cgroup subsys devices
[    0.421697] Initializing cgroup subsys freezer
[    0.423956] Initializing cgroup subsys net_cls
[    0.426225] Initializing cgroup subsys perf_event
[    0.428584] Initializing cgroup subsys net_prio
[    0.431376] Initializing cgroup subsys hugetlb
[    0.433698] Initializing cgroup subsys pids
[    0.436904] mce: CPU supports 0 MCE banks
[    0.439044] Last level iTLB entries: 4KB 64, 2MB 8, 4MB 8
[    0.441706] Last level dTLB entries: 4KB 64, 2MB 0, 4MB 0, 1GB 4
[    0.444707] Spectre V2 : Mitigation: Full generic retpoline
[    0.447619] Spectre V2 : Spectre v2 / SpectreRSB mitigation: Filling RSB on context switch
[    0.451836] Speculative Store Bypass: Vulnerable
[    0.457667] Freeing SMP alternatives memory: 36K
[    0.467930] ftrace: allocating 32287 entries in 127 pages
[    0.546389] smpboot: APIC(0) Converting physical 0 to logical package 0
[    0.549592] smpboot: Max logical packages: 1
[    0.552226] x2apic enabled
[    0.553991] Switched APIC routing to physical x2apic.
[    0.557881] ..TIMER: vector=0x30 apic1=0 pin1=2 apic2=-1 pin2=-1
[    0.666430] smpboot: CPU0: Intel(R) Core(TM) i5-5250U CPU @ 1.60GHz (family: 0x6, model: 0x3d, stepping: 0x4)
[    0.671681] Performance Events: unsupported p6 CPU model 61 no PMU driver, software events only.
[    0.689093] KVM setup paravirtual spinlock
[    0.692079] x86: Booting SMP configuration:
[    0.694250] .... node  #0, CPUs:      #1
[    0.696684] kvm-clock: cpu 1, msr 0:3ffe3041, secondary cpu clock
[    0.701473] mce: CPU supports 0 MCE banks
[    0.705212] x86: Booted up 1 node, 2 CPUs
[    0.707603] smpboot: Total of 2 processors activated (6399.99 BogoMIPS)
[    0.711533] devtmpfs: initialized
[    0.715033] evm: security.selinux
[    0.716795] evm: security.SMACK64
[    0.718699] evm: security.SMACK64EXEC
[    0.720619] evm: security.SMACK64TRANSMUTE
[    0.722840] evm: security.SMACK64MMAP
[    0.724764] evm: security.ima
[    0.726398] evm: security.capability
[    0.728540] clocksource: jiffies: mask: 0xffffffff max_cycles: 0xffffffff, max_idle_ns: 7645041785100000 ns
[    0.736679] futex hash table entries: 512 (order: 3, 32768 bytes)
[    0.741580] pinctrl core: initialized pinctrl subsystem
[    0.744635] RTC time: 13:06:23, date: 05/29/19
[    0.748655] NET: Registered protocol family 16
[    0.762485] cpuidle: using governor ladder
[    0.774504] cpuidle: using governor menu
[    0.776556] PCCT header not found.
[    0.778569] ACPI: bus type PCI registered
[    0.780685] acpiphp: ACPI Hot Plug PCI Controller Driver version: 0.5
[    0.784096] PCI: Using configuration type 1 for base access
[    0.799681] ACPI: Added _OSI(Module Device)
[    0.801925] ACPI: Added _OSI(Processor Device)
[    0.804290] ACPI: Added _OSI(3.0 _SCP Extensions)
[    0.806764] ACPI: Added _OSI(Processor Aggregator Device)
[    0.810699] ACPI: Executed 1 blocks of module-level executable AML code
[    0.816698] ACPI: Interpreter enabled
[    0.818903] ACPI: (supports S0 S5)
[    0.820848] ACPI: Using IOAPIC for interrupt routing
[    0.823849] PCI: Using host bridge windows from ACPI; if necessary, use "pci=nocrs" and report a bug
[    0.835427] ACPI: PCI Root Bridge [PCI0] (domain 0000 [bus 00-ff])
[    0.838537] acpi PNP0A03:00: _OSC: OS supports [ASPM ClockPM Segments MSI]
[    0.842620] acpi PNP0A03:00: _OSC: not requesting OS control; OS requires [ExtendedConfig ASPM ClockPM MSI]
[    0.846733] acpi PNP0A03:00: fail to add MMCONFIG information, can't access extended PCI configuration space under this bridge.
[    0.853647] PCI host bridge to bus 0000:00
[    0.855843] pci_bus 0000:00: root bus resource [io  0x0000-0x0cf7 window]
[    0.859381] pci_bus 0000:00: root bus resource [io  0x0d00-0xffff window]
[    0.862731] pci_bus 0000:00: root bus resource [mem 0x000a0000-0x000bffff window]
[    0.867038] pci_bus 0000:00: root bus resource [mem 0x40000000-0xfdffffff window]
[    0.871266] pci_bus 0000:00: root bus resource [bus 00-ff]
[    0.879084] pci 0000:00:01.1: legacy IDE quirk: reg 0x10: [io  0x01f0-0x01f7]
[    0.882796] pci 0000:00:01.1: legacy IDE quirk: reg 0x14: [io  0x03f6]
[    0.889714] pci 0000:00:01.1: legacy IDE quirk: reg 0x18: [io  0x0170-0x0177]
[    0.893476] pci 0000:00:01.1: legacy IDE quirk: reg 0x1c: [io  0x0376]
[    0.924227] pci 0000:00:07.0: quirk: [io  0x4000-0x403f] claimed by PIIX4 ACPI
[    0.928144] pci 0000:00:07.0: quirk: [io  0x4100-0x410f] claimed by PIIX4 SMB
[    0.961913] ACPI: PCI Interrupt Link [LNKA] (IRQs 5 9 10 *11)
[    0.966058] ACPI: PCI Interrupt Link [LNKB] (IRQs 5 9 *10 11)
[    0.969630] ACPI: PCI Interrupt Link [LNKC] (IRQs 5 *9 10 11)
[    0.973184] ACPI: PCI Interrupt Link [LNKD] (IRQs 5 9 10 *11)
[    0.976795] ACPI: Enabled 2 GPEs in block 00 to 07
[    0.979859] vgaarb: setting as boot device: PCI:0000:00:02.0
[    0.982814] vgaarb: device added: PCI:0000:00:02.0,decodes=io+mem,owns=io+mem,locks=none
[    0.987130] vgaarb: loaded
[    0.988628] vgaarb: bridge control possible 0000:00:02.0
[    0.991707] SCSI subsystem initialized
[    0.994317] ACPI: bus type USB registered
[    0.996551] usbcore: registered new interface driver usbfs
[    0.999894] usbcore: registered new interface driver hub
[    1.002666] usbcore: registered new device driver usb
[    1.005642] PCI: Using ACPI for IRQ routing
[    1.008438] NetLabel: Initializing
[    1.010383] NetLabel:  domain hash size = 128
[    1.012700] NetLabel:  protocols = UNLABELED CIPSOv4
[    1.017588] NetLabel:  unlabeled traffic allowed by default
[    1.020713] amd_nb: Cannot enumerate AMD northbridges
[    1.023378] clocksource: Switched to clocksource kvm-clock
[    1.038050] AppArmor: AppArmor Filesystem Enabled
[    1.040634] pnp: PnP ACPI init
[    1.044022] pnp: PnP ACPI: found 3 devices
[    1.058105] clocksource: acpi_pm: mask: 0xffffff max_cycles: 0xffffff, max_idle_ns: 2085701024 ns
[    1.062680] NET: Registered protocol family 2
[    1.065543] TCP established hash table entries: 8192 (order: 4, 65536 bytes)
[    1.069069] TCP bind hash table entries: 8192 (order: 5, 131072 bytes)
[    1.072297] TCP: Hash tables configured (established 8192 bind 8192)
[    1.075543] UDP hash table entries: 512 (order: 2, 16384 bytes)
[    1.078553] UDP-Lite hash table entries: 512 (order: 2, 16384 bytes)
[    1.081829] NET: Registered protocol family 1
[    1.084113] pci 0000:00:00.0: Limiting direct PCI/PCI transfers
[    1.087309] pci 0000:00:01.0: Activating ISA DMA hang workarounds
[    1.090700] Unpacking initramfs...
[    1.516047] Freeing initrd memory: 14828K
[    1.519078] RAPL PMU detected, API unit is 2^-32 Joules, 4 fixed counters 10737418240 ms ovfl timer
[    1.524165] hw unit of domain pp0-core 2^-0 Joules
[    1.527612] hw unit of domain package 2^-0 Joules
[    1.532012] hw unit of domain dram 2^-0 Joules
[    1.537019] hw unit of domain pp1-gpu 2^-0 Joules
[    1.547884] platform rtc_cmos: registered platform RTC device (no PNP device found)
[    1.554463] Scanning for low memory corruption every 60 seconds
[    1.558726] audit: initializing netlink subsys (disabled)
[    1.561962] audit: type=2000 audit(1559135193.527:1): initialized
[    1.568871] Initialise system trusted keyring
[    1.571376] HugeTLB registered 2 MB page size, pre-allocated 0 pages
[    1.577793] zbud: loaded
[    1.580497] VFS: Disk quotas dquot_6.6.0
[    1.583093] VFS: Dquot-cache hash table entries: 512 (order 0, 4096 bytes)
[    1.587858] squashfs: version 4.0 (2009/01/31) Phillip Lougher
[    1.593871] fuse init (API version 7.23)
[    1.598478] Key type big_key registered
[    1.600843] Allocating IMA MOK and blacklist keyrings.
[    1.605195] Key type asymmetric registered
[    1.606996] Asymmetric key parser 'x509' registered
[    1.609130] Block layer SCSI generic (bsg) driver version 0.4 loaded (major 249)
[    1.613195] io scheduler noop registered
[    1.614825] io scheduler deadline registered (default)
[    1.617004] io scheduler cfq registered
[    1.619087] pci_hotplug: PCI Hot Plug PCI Core version: 0.5
[    1.621891] pciehp: PCI Express Hot Plug Controller Driver version: 0.4
[    1.627062] ACPI: AC Adapter [AC] (off-line)
[    1.630033] input: Power Button as /devices/LNXSYSTM:00/LNXPWRBN:00/input/input0
[    1.634955] ACPI: Power Button [PWRF]
[    1.637872] input: Sleep Button as /devices/LNXSYSTM:00/LNXSLPBN:00/input/input1
[    1.642694] ACPI: Sleep Button [SLPF]
[    1.651556] GHES: HEST is not enabled!
[    1.653737] ACPI: Battery Slot [BAT0] (battery present)
[    1.656143] Serial: 8250/16550 driver, 32 ports, IRQ sharing enabled
[    1.680279] 00:02: ttyS0 at I/O 0x3f8 (irq = 4, base_baud = 115200) is a 16550A
[    1.693741] Linux agpgart interface v0.103
[    1.702069] loop: module loaded
[    1.704603] scsi host0: ata_piix
[    1.706557] scsi host1: ata_piix
[    1.708372] ata1: PATA max UDMA/33 cmd 0x1f0 ctl 0x3f6 bmdma 0xd000 irq 14
[    1.711605] ata2: PATA max UDMA/33 cmd 0x170 ctl 0x376 bmdma 0xd008 irq 15
[    1.714650] libphy: Fixed MDIO Bus: probed
[    1.717153] tun: Universal TUN/TAP device driver, 1.6
[    1.719722] tun: (C) 1999-2004 Max Krasnyansky <maxk@qualcomm.com>
[    1.722357] PPP generic driver version 2.4.2
[    1.725450] ehci_hcd: USB 2.0 'Enhanced' Host Controller (EHCI) Driver
[    1.729870] ehci-pci: EHCI PCI platform driver
[    1.734397] ehci-platform: EHCI generic platform driver
[    1.737666] ohci_hcd: USB 1.1 'Open' Host Controller (OHCI) Driver
[    1.741450] ohci-pci: OHCI PCI platform driver
[    1.744305] ohci-platform: OHCI generic platform driver
[    1.747576] uhci_hcd: USB Universal Host Controller Interface driver
[    1.751135] i8042: PNP: PS/2 Controller [PNP0303:PS2K,PNP0f03:PS2M] at 0x60,0x64 irq 1,12
[    1.756477] serio: i8042 KBD port at 0x60,0x64 irq 1
[    1.759025] serio: i8042 AUX port at 0x60,0x64 irq 12
[    1.761982] mousedev: PS/2 mouse device common for all mice
[    1.765537] input: AT Translated Set 2 keyboard as /devices/platform/i8042/serio0/input/input2
[    1.770145] rtc_cmos rtc_cmos: rtc core: registered rtc_cmos as rtc0
[    1.773111] rtc_cmos rtc_cmos: alarms up to one day, 114 bytes nvram
[    1.777058] i2c /dev entries driver
[    1.779515] device-mapper: uevent: version 1.0.3
[    1.783042] device-mapper: ioctl: 4.34.0-ioctl (2015-10-28) initialised: dm-devel@redhat.com
[    1.788453] ledtrig-cpu: registered to indicate activity on CPUs
[    1.793754] NET: Registered protocol family 10
[    1.796979] NET: Registered protocol family 17
[    1.799935] Key type dns_resolver registered
[    1.802981] registered taskstats version 1
[    1.805341] Loading compiled-in X.509 certificates
[    1.808539] Loaded X.509 cert 'Build time autogenerated kernel key: 4dcb2dc2c7cf43e0c20c44384f68683c20294489'
[    1.813713] zswap: loaded using pool lzo/zbud
[    1.818420] Key type trusted registered
[    1.825426] Key type encrypted registered
[    1.830427] AppArmor: AppArmor sha1 policy hashing enabled
[    1.833289] ima: No TPM chip found, activating TPM-bypass!
[    1.836179] ima: Allocated hash algorithm: sha1
[    1.838654] evm: HMAC attrs: 0x1
[    1.841208]   Magic number: 3:616:130
[    1.843067] rtc_cmos rtc_cmos: setting system clock to 2019-05-29 13:06:24 UTC (1559135184)
[    1.847274] BIOS EDD facility v0.16 2004-Jun-25, 0 devices found
[    1.849872] EDD information not available.
[    1.873979] Freeing unused kernel memory: 1484K
[    1.876659] Write protecting the kernel read-only data: 14336k
[    1.880248] Freeing unused kernel memory: 1620K
[    1.882324] Freeing unused kernel memory: 68K
Loading, please wait...
starting version 229
[    1.905015] random: systemd-udevd: uninitialized urandom read (16 bytes read, 3 bits of entropy available)
[    1.910150] random: udevadm: uninitialized urandom read (16 bytes read, 3 bits of entropy available)
[    1.910174] random: udevadm: uninitialized urandom read (16 bytes read, 3 bits of entropy available)
[    1.922823] random: udevadm: uninitialized urandom read (16 bytes read, 3 bits of entropy available)
[    1.922871] random: udevadm: uninitialized urandom read (16 bytes read, 3 bits of entropy available)
[    1.923021] random: udevadm: uninitialized urandom read (16 bytes read, 3 bits of entropy available)
[    1.923072] random: udevadm: uninitialized urandom read (16 bytes read, 3 bits of entropy available)
[    1.923125] random: udevadm: uninitialized urandom read (16 bytes read, 3 bits of entropy available)
[    1.923176] random: udevadm: uninitialized urandom read (16 bytes read, 3 bits of entropy available)
[    1.923226] random: udevadm: uninitialized urandom read (16 bytes read, 3 bits of entropy available)
[    2.044452] Fusion MPT base driver 3.04.20
[    2.051604] Copyright (c) 1999-2008 LSI Corporation
[    2.054723] e1000: Intel(R) PRO/1000 Network Driver - version 7.3.21-k8-NAPI
[    2.078010] e1000: Copyright (c) 1999-2006 Intel Corporation.
[    2.091250] Fusion MPT SPI Host driver 3.04.20
[    2.128459] AVX2 version of gcm_enc/dec engaged.
[    2.138576] AES CTR mode by8 optimization enabled
[    2.299005] input: ImExPS/2 Generic Explorer Mouse as /devices/platform/i8042/serio1/input/input4
[    2.543560] tsc: Refined TSC clocksource calibration: 1599.824 MHz
[    2.547041] clocksource: tsc: mask: 0xffffffffffffffff max_cycles: 0x170f7ea59ff, max_idle_ns: 440795248077 ns
[    2.740864] e1000 0000:00:03.0 eth0: (PCI:33MHz:32-bit) 02:3a:f4:24:e2:72
[    2.744473] e1000 0000:00:03.0 eth0: Intel(R) PRO/1000 Network Connection
[    3.239949] e1000 0000:00:08.0 eth1: (PCI:33MHz:32-bit) 08:00:27:6e:e2:b5
[    3.243389] e1000 0000:00:08.0 eth1: Intel(R) PRO/1000 Network Connection
[    3.249971] e1000 0000:00:03.0 enp0s3: renamed from eth0
[    3.253101] mptbase: ioc0: Initiating bringup
[    3.268257] e1000 0000:00:08.0 enp0s8: renamed from eth1
[    3.322819] ioc0: LSI53C1030 A0: Capabilities={Initiator}
[    4.547650] scsi host2: ioc0: LSI53C1030 A0, FwRev=00000000h, Ports=1, MaxQ=256, IRQ=20
[    5.404357] scsi 2:0:0:0: Direct-Access     VBOX     HARDDISK         1.0  PQ: 0 ANSI: 5
[    5.408783] scsi target2:0:0: Beginning Domain Validation
[    5.413564] scsi target2:0:0: Domain Validation skipping write tests
[    5.416765] scsi target2:0:0: Ending Domain Validation
[    5.431936] scsi target2:0:0: asynchronous
[    5.435000] scsi 2:0:1:0: Direct-Access     VBOX     HARDDISK         1.0  PQ: 0 ANSI: 5
[    5.443209] scsi target2:0:1: Beginning Domain Validation
[    5.448713] scsi target2:0:1: Domain Validation skipping write tests
[    5.452190] scsi target2:0:1: Ending Domain Validation
[    5.454848] scsi target2:0:1: asynchronous
[    5.467068] sd 2:0:0:0: Attached scsi generic sg0 type 0
[    5.470655] sd 2:0:1:0: Attached scsi generic sg1 type 0
[    5.471016] sd 2:0:0:0: [sda] 20971520 512-byte logical blocks: (10.7 GB/10.0 GiB)
[    5.477733] sd 2:0:1:0: [sdb] 20480 512-byte logical blocks: (10.5 MB/10.0 MiB)
[    5.481517] sd 2:0:0:0: [sda] Write Protect is off
[    5.483806] sd 2:0:1:0: [sdb] Write Protect is off
[    5.484237] sd 2:0:1:0: [sdb] Incomplete mode parameter data
[    5.484240] sd 2:0:1:0: [sdb] Assuming drive cache: write through
[    5.488537] sd 2:0:1:0: [sdb] Attached SCSI disk
[    5.498634] sd 2:0:0:0: [sda] Incomplete mode parameter data
[    5.501643] sd 2:0:0:0: [sda] Assuming drive cache: write through
[    5.508787]  sda: sda1
[    5.511613] sd 2:0:0:0: [sda] Attached SCSI disk
Begin: Loading essential drivers ... [    7.180450] md: linear personality registered for level -1
[    7.196605] md: multipath personality registered for level -4
[    7.210541] md: raid0 personality registered for level 0
[    7.225340] md: raid1 personality registered for level 1
[    7.303530] raid6: sse2x1   gen()  3365 MB/s
[    7.372148] raid6: sse2x1   xor()  2395 MB/s
[    7.447610] raid6: sse2x2   gen()  3925 MB/s
[    7.520101] raid6: sse2x2   xor()  3326 MB/s
[    7.587597] raid6: sse2x4   gen()  5531 MB/s
[    7.659634] raid6: sse2x4   xor()  3520 MB/s
[    7.731431] raid6: avx2x1   gen()  7560 MB/s
[    7.803480] raid6: avx2x2   gen() 13336 MB/s
[    7.873430] raid6: avx2x4   gen() 16773 MB/s
[    7.875720] raid6: using algorithm avx2x4 gen() 16773 MB/s
[    7.877886] raid6: using avx2x2 recovery algorithm
[    7.881632] xor: automatically using best checksumming function:
[    7.923688]    avx       : 21835.000 MB/sec
[    7.927980] async_tx: api initialized (async)
[    7.950600] md: raid6 personality registered for level 6
[    7.953436] md: raid5 personality registered for level 5
[    7.956489] md: raid4 personality registered for level 4
[    7.970530] md: raid10 personality registered for level 10
done.
Begin: Running /scripts/init-premount ... done.
Begin: Mounting root file system ... Begin: Running /scripts/local-top ... done.
Begin: Running /scripts/local-premount ... [    8.018221] Btrfs loaded
Scanning for Btrfs filesystems
done.
Warning: fsck not present, so skipping root file system
[    8.082622] EXT4-fs (sda1): mounted filesystem with ordered data mode. Opts: (null)
done.
Begin: Running /scripts/local-bottom ... done.
Begin: Running /scripts/init-bottom ... done.
[    8.255861] systemd[1]: systemd 229 running in system mode. (+PAM +AUDIT +SELINUX +IMA +APPARMOR +SMACK +SYSVINIT +UTMP +LIBCRYPTSETUP +GCRYPT +GNUTLS +ACL +XZ -LZ4 +SECCOMP +BLKID +ELFUTILS +KMOD -IDN)
[    8.265404] systemd[1]: Detected virtualization oracle.
[    8.268230] systemd[1]: Detected architecture x86-64.

Welcome to [1mUbuntu 16.04.6 LTS[0m!

[    8.279418] systemd[1]: Set hostname to <ubuntu>.
[    8.286424] systemd[1]: Initializing machine ID from random generator.
[    8.289928] systemd[1]: Installed transient /etc/machine-id file.
[    8.968027] systemd[1]: Listening on Device-mapper event daemon FIFOs.
[[0;32m  OK  [0m] Listening on Device-mapper event daemon FIFOs.
[    8.975326] systemd[1]: Reached target User and Group Name Lookups.
[[0;32m  OK  [0m] Reached target User and Group Name Lookups.
[    8.981709] systemd[1]: Listening on LVM2 poll daemon socket.
[[0;32m  OK  [0m] Listening on LVM2 poll daemon socket.
[    8.987904] systemd[1]: Set up automount Arbitrary Executable File Formats File System Automount Point.
[[0;32m  OK  [0m] Set up automount Arbitrary Executab...ats File System Automount Point.
[    8.997151] systemd[1]: Created slice User and Session Slice.
[[0;32m  OK  [0m] Created slice User and Session Slice.
[    9.002697] systemd[1]: Listening on Syslog Socket.
[[0;32m  OK  [0m] Listening on Syslog Socket.
[    9.007279] systemd[1]: Listening on Journal Audit Socket.
[[0;32m  OK  [0m] Listening on Journal Audit Socket.
[    9.013178] systemd[1]: Listening on Journal Socket.
[[0;32m  OK  [0m] Listening on Journal Socket.
[    9.018801] systemd[1]: Reached target Swap.
[[0;32m  OK  [0m] Reached target Swap.
[    9.023340] systemd[1]: Started Forward Password Requests to Wall Directory Watch.
[[0;32m  OK  [0m] Started Forward Password Requests to Wall Directory Watch.
[    9.031246] systemd[1]: Listening on udev Kernel Socket.
[[0;32m  OK  [0m] Listening on udev Kernel Socket.
[    9.037152] systemd[1]: Started Trigger resolvconf update for networkd DNS.
[[0;32m  OK  [0m] Started Trigger resolvconf update for networkd DNS.
[    9.044908] systemd[1]: Created slice System Slice.
[[0;32m  OK  [0m] Created slice System Slice.
[    9.060135] systemd[1]: Mounting Huge Pages File System...
         Mounting Huge Pages File System...
[    9.068013] systemd[1]: Starting Nameserver information manager...
         Starting Nameserver information manager...
[    9.074824] systemd[1]: Reached target Slices.
[[0;32m  OK  [0m] Reached target Slices.
[    9.080508] systemd[1]: Starting Create list of required static device nodes for the current kernel...
         Starting Create list of required st... nodes for the current kernel...
[    9.094212] systemd[1]: Starting Uncomplicated firewall...
         Starting Uncomplicated firewall...
[    9.101408] systemd[1]: Mounting POSIX Message Queue File System...
         Mounting POSIX Message Queue File System...
[    9.120281] systemd[1]: Starting Load Kernel Modules...
         Starting Load Kernel Modules...
[    9.126532] systemd[1]: Starting Remount Root and Kernel File Systems...
         Starting Remount Root and Kernel File Systems...
[    9.135366] systemd[1]: Created slice system-serial\x2dgetty.slice.

    9.144785] EXT4-fs (sda1): re-mounted. Opts: (null)
[[0;32m  OK  [0m] Created slice system-serial\x2dgetty.slice.
[    9.154264] systemd[1]: Mounting Debug File System...
         Mounting Debug File System...
[    9.160836] systemd[1]: Listening on LVM2 metadata daemon socket.
[    9.164605] Loading iSCSI transport class v2.0-870.
[[0;32m  OK  [0m] Listening on LVM2 metadata daemon socket.
[    9.170516] systemd[1]: Starting Monitoring of LVM2 mirrors, snapshots etc. using dmeventd or progress polling...
         Starting Monitoring of LVM2 mirrors... dmeventd or progress polling...
[    9.180322] systemd[1]: Reached target Encrypted Volumes.
[[0;32m  OK  [0m] Reached target Encrypted Volumes.
[    9.186369] systemd[1]: Reached target System Time Synchronized.
[[0;32m  OK  [0m] Reached target System Time Synchronized.
[    9.193169] iscsi: registered transport (tcp)
[    9.193394] systemd[1]: Listening on udev Control Socket.
[[0;32m  OK  [0m] Listening on udev Control Socket.
[    9.201896] systemd[1]: Listening on /dev/initctl Compatibility Named Pipe.
[[0;32m  OK  [0m] Listening on /dev/initctl Compatibility Named Pipe.
[    9.209873] systemd[1]: Listening on Journal Socket (/dev/log).
[[0;32m  OK  [0m] Listening on Journal Socket (/dev/log).
[    9.232924] systemd[1]: Starting Journal Service...
         Starting Journal Service...
[    9.242264] systemd[1]: Starting Set console keymap...
         Starting Set console keymap...
[    9.273265] iscsi: registered transport (iser)
[    9.281012] systemd[1]: Mounted POSIX Message Queue File System.
[[0;32m  OK  [0m] Mounted POSIX Message Queue File System.
[    9.288229] random: nonblocking pool is initialized
[    9.291719] systemd[1]: Mounted Debug File System.
[[0;32m  OK  [0m] Mounted Debug File System.
[    9.299851] systemd[1]: Mounted Huge Pages File System.
[[0;32m  OK  [0m] Mounted Huge Pages File System.
[    9.306513] systemd[1]: Started Journal Service.
[[0;32m  OK  [0m] Started Journal Service.
[[0;32m  OK  [0m] Started Create list of required sta...ce nodes for the current kernel.
[[0;32m  OK  [0m] Started Uncomplicated firewall.
[[0;32m  OK  [0m] Started Load Kernel Modules.
[[0;32m  OK  [0m] Started Remount Root and Kernel File Systems.
[[0;32m  OK  [0m] Started Set console keymap.
[[0;32m  OK  [0m] Started Nameserver information manager.
[[0;32m  OK  [0m] Started LVM2 metadata daemon.
         Starting Load/Save Random Seed...
         Starting udev Coldplug all Devices...
         Starting Apply Kernel Variables...
         Mounting FUSE Control File System...
         Starting Create Static Device Nodes in /dev...
         Starting Flush Journal to Persistent Storage...
[[0;32m  OK  [0m] Mounted FUSE Control File System.
[[0;32m  OK  [0m] Started Load/Save Random Seed.
[[0;32m  OK  [0m] Started Apply Kernel Variables.
[[0;32m  OK  [0m] Started udev Coldplug all Devices.
[[0;32m  OK  [0m] Started Create Static Device Nodes in /dev.
[[0;32m  OK  [0m] Started Flush Journal to Persistent Storage.
         Starting udev Kernel Device Manager...
[[0;32m  OK  [0m] Started Monitoring of LVM2 mirrors,...ng dmeventd or progress polling.
[[0;32m  OK  [0m] Reached target Local File Systems (Pre).
[[0;32m  OK  [0m] Reached target Local File Systems.
         Starting Commit a transient machine-id on disk...
         Starting Tell Plymouth To Write Out Runtime Data...
         Starting Initial cloud-init job (pre-networking)...
         Starting LSB: AppArmor initialization...
         Starting Create Volatile Files and Directories...
         Starting Set console font and keymap...
[[0;32m  OK  [0m] Started Tell Plymouth To Write Out Runtime Data.
[[0;32m  OK  [0m] Started Commit a transient machine-id on disk.
[[0;32m  OK  [0m] Started Create Volatile Files and Directories.
[[0;32m  OK  [0m] Started udev Kernel Device Manager.
[[0;32m  OK  [0m] Started Dispatch Password Requests to Console Directory Watch.
         Starting Update UTMP about System Boot/Shutdown...
[[0;32m  OK  [0m] Started Update UTMP about System Boot/Shutdown.
[[0;32m  OK  [0m] Found device /dev/ttyS0.
[[0;32m  OK  [0m] Listening on Load/Save RF Kill Switch Status /dev/rfkill Watch.
[[0;32m  OK  [0m] Started Set console font and keymap.
[[0;32m  OK  [0m] Created slice system-getty.slice.
[[0;32m  OK  [0m] Started LSB: AppArmor initialization.
[   12.242002] cloud-init[475]: Cloud-init v. 18.5-45-g3554ffe8-0ubuntu1~16.04.1 running 'init-local' at Wed, 29 May 2019 13:06:34 +0000. Up 11.71 seconds.
[[0;32m  OK  [0m] Started Initial cloud-init job (pre-networking).
[[0;32m  OK  [0m] Reached target Network (Pre).
         Starting Raise network interfaces...
[[0;32m  OK  [0m] Started Raise network interfaces.
[[0;32m  OK  [0m] Reached target Network.
         Starting Initial cloud-init job (metadata service crawler)...
[   14.751189] cloud-init[956]: Cloud-init v. 18.5-45-g3554ffe8-0ubuntu1~16.04.1 running 'init' at Wed, 29 May 2019 13:06:36 +0000. Up 13.20 seconds.
[   14.758267] cloud-init[956]: ci-info: ++++++++++++++++++++++++++++++++++++++Net device info+++++++++++++++++++++++++++++++++++++++
[   14.764932] cloud-init[956]: ci-info: +--------+-------+----------------------------+---------------+--------+-------------------+
[   14.776837] cloud-init[956]: ci-info: | Device |   Up  |          Address           |      Mask     | Scope  |     Hw-Address    |
[   14.783199] cloud-init[956]: ci-info: +--------+-------+----------------------------+---------------+--------+-------------------+
[   14.790142] cloud-init[956]: ci-info: | enp0s3 |  True |         10.0.2.15          | 255.255.255.0 | global | 02:3a:f4:24:e2:72 |
[   14.812801] cloud-init[956]: ci-info: | enp0s3 |  True | fe80::3a:f4ff:fe24:e272/64 |       .       |  link  | 02:3a:f4:24:e2:72 |
[   14.821941] cloud-init[[956]: [0;32m  OK  [0mci-info: | enp0s8 | False |             .              |       .       |   .    | 08:00:27:6e:e2:b5 |] 
Started Initial cloud-init job (metadata service crawler).
[   14.833933] [[0;32m  OK  [0m] Reached target Cloud-config availability.
[cloud-init[0;32m  OK  [0m] Reached target Network is Online.
[956]: ci-info: |   lo   |  True |         127.0.0.1          |   255.0.0.0   |  host  |         .         |
[   14.845391] cloud-init[956]: ci-info: |   lo   |  True |          ::1/128           |       .       |  host  |         .         |
[   14.851122] cloud-init         Starting iSCSI initiator daemon (iscsid)...
[[0;32m  OK  [0m] Reached target System Initialization.
[956]: ci-info: +--------+-------+----------------------------+---------------+--------+-------------------+         Starting LXD - unix socket.
[[0;32m  OK  [0m] Listening on D-Bus System Message Bus Socket.
[
[   14.864192] cloud-init[956]: ci-info: +++++++++++++++++++++++++++Route IPv4 info++++++++++++++++++++++++++++
[0;32m  OK  [0m] Listening on ACPID Listen Socket.
[[0;32m  OK  [0m] Started Daily apt download activities.
[   14.870200] cloud-init[956]: [[0;32m  OK  [0m] Started Daily Cleanup of Temporary Directories.
[[0;32m  OK  [0m] Listening on UUID daemon activation socket.
ci-info: +-------+-------------+----------+---------------+-----------+-------+
[   14.892679] cloud-init[956]: ci-info: | Route | Destination | Gateway  |    Genmask    | Interface | Flags |
[   14.900476] [[0;32m  OK  [0m] Started ACPI Events Check.
[[0;32m  OK  [0m] Reached target Paths.
         Starting Socket activation for snappy daemon.
[[0;32m  OK  [0m] Started Daily apt upgrade and clean activities.
[[0;32m  OK  [0m] Reached target Timers.
cloud-init[956]: ci-info: +-------+-------------+----------+---------------+-----------+-------+
[   14.921014] cloud-init[956]: ci-info: |   0   |   0.0.0.0   | 10.0.2.2 |    0.0.0.0    |   enp0s3  |   UG  |
[   14.929936] [cloud-init[0;32m  OK  [0m[956]: ] ci-info: |   1   |   10.0.2.0  | 0.0.0.0  | 255.255.255.0 |   enp0s3  |   U   |Listening on LXD - unix socket.

[   14.934167] [[0;32m  OK  [0m] Listening on Socket activation for snappy daemon.
cloud-init[956]: ci-info: +-------+-------------+----------+---------------+-----------+-------+
[   14.948198] [[0;32m  OK  [0m] Started iSCSI initiator daemon (iscsid).
cloud-init[956]: ci-info: +++++++++++++++++++Route IPv6 info+++++++++++++++++++
[   14.956207] cloud-init[956]: ci-info: +-------+-------------+---------+-----------+-------+
[   14.960473] cloud-init[956]: ci-info: | Route | Destination | Gateway | Interface | Flags |
[   14.965578] cloud-init[956]: ci-info: +-------+-------------+---------+-----------+-------+
[   14.970948] cloud-init         Starting Login to default iSCSI targets...
[[0;32m  OK  [0m] Reached target Sockets.
[[0;32m  OK  [0m] Reached target Basic System.[956]: 
ci-info: |   0   |  fe80::/64  |    ::   |   enp0s3  |   U   |
[[0;32m  OK  [0m] Started Deferred execution scheduler.
[   14.981470] cloud-init[956]: ci-info: |   3   |   ff00::/8  |    ::   |   enp0s3  |   U   |
[   14.991186] cloud-init[956]: ci-info: +-------+-------------+---------+-----------+-------+
[   14.997244] cloud-init[956]: Generating public/private rsa key pair.
[   15.000618] cloud-init[956]: Your identification has been saved in /etc/ssh/ssh_host_rsa_key.
[   15.005549] cloud-init[956]: Your public key has been saved in /etc/ssh/ssh_host_rsa_key.pub.
[   15.009562] cloud-init[956]: The key fingerprint is:
[[   15.013256] cloud-init[956]: SHA256:DUI2Mrv+dSjyonDiRT7I8QiMAYVVRtvyjZcQ0FSznuQ root@ubuntu-xenial
[   15.013899] cloud-init[956]: The key's randomart image is:
[0;32m  OK  [0m] Started ACPI event daemon.
[   15.016152] cloud-init[[0;32m  OK  [0m] Started D-Bus System Message Bus.
[956]: +---[RSA 2048]----+
[   15.028345] cloud-init[956]: |.+ooB+*.o        |
[   15.031687] cloud-init[956]: |o  . O.o o       |
[   15.034956] cloud-init[956]: |.   + + +        |
[   15.038361] cloud-init[956]: |o.   + O =       |
[   15.041615] cloud-init[956]: |oo .. o E .      |
[   15.044633] cloud-init[956]: |o B.   . .       |
[   15.053097] cloud-init[956]: |o+.=o . o .      |
[   15.055474] cloud-init[956]: |.+. o+ o .       |
[   15.058914] cloud-init[956]: | ... .o          |
[   15.062059] cloud-init[956]: +----[SHA256]-----+
[   15.065208] cloud-init[956]: Generating public/private dsa key pair.
[   15.069895] cloud-init[956]: Your identification has been saved in /etc/ssh/ssh_host_dsa_key.
[   15.075590] cloud-init[956]: Your public key has been saved in /etc/ssh/ssh_host_dsa_key.pub.
[   15.081269] cloud-init[956]: The key fingerprint is:
[   15.085148] cloud-init[956]: SHA256:DZrXbfi3mhjEuwAj+WYGuXxnIwY7HasW3eZ6WKVEIss root@ubuntu-xenial
[   15.091092] cloud-init[956]: The key's randomart image is:
[   15.094510] cloud-init[956]: +---[DSA 1024]----+
[   15.097804] cloud-init[956]: |                 |
[   15.108949] cloud-init[956]: |    . . .        |
[   15.112315] cloud-init[956]: |   . o o.        |
[   15.125280] cloud-init[956]: |    Eo o.=.o     |
[   15.129760] cloud-init[956]: |    *.*oSo* o    |
[   15.133189] cloud-init[956]: |   ..O.*=. +     |
[   15.136299] cloud-init[956]: |    =.@== o . .  |
[   15.139320] cloud-init[956]: |    .O.+oo + o . |
[   15.142738] cloud-init[956]: |   .. .o  o o..  |
[   15.146482] cloud-init[956]: +----[SHA256]-----+
[   15.157207] cloud-init[956]: Generating public/private ecdsa key pair.
[   15.159944] cloud-init[956]: Your identification has been saved in /etc/ssh/ssh_host_ecdsa_key.
[   15.172961] cloud-init[956]: Your public key has been saved in /etc/ssh/ssh_host_ecdsa_key.pub.
[   15.178626] cloud-init[956]: The key fingerprint is:
[   15.182102] cloud-init[956]: SHA256:+P6/8e+5cCk6Jo2uvMOYahp5dZRyA7DPxk4hbhh6pPM root@ubuntu-xenial
[   15.187575] cloud-init[956]: The key's randomart image is:
[   15.196856] cloud-init[956]: +---[ECDSA 256]---+
[   15.201156] cloud-init[956]: |   ...           |
[   15.204410] cloud-init[956]: |    . . .        |
[   15.217206]          Starting LSB: MD monitoring daemon...
         Starting LXD - container startup/shutdown...
[[0;32m  OK  [0m] Started Unattended Upgrades Shutdown.
[[0;32m  OK  [0m] Started Regular background program processing daemon.
cloud-init[956]: | ..o o =         |
         Starting Virtualbox guest utils...
[   15.232998] cloud-init[956]: |.o+ = =..        |
[   15.239880] cloud-init[956]: |+..o B..S        |
[   15.246864] cloud-init[956]: | +o = ..        .|         Starting LSB: Record successful boot for GRUB...
         Starting Login Service...
         Starting Accounts Service...
         Starting /etc/rc.local Compatibility...
         Starting Snappy daemon...
         Starting System Logging Service...

[[0;32m  OK  [0m] Started FUSE filesystem for LXC.
         Starting Pollinate to seed the pseudo random number generator...
[[0;32m  OK  [0m] Started /etc/rc.local Compatibility.
[   15.296226] cloud-init[956]: | oE. .+ . o .o o |
[   15.330552] cloud-init[956]: |  o. o.+ o +.o+ .|
[   15.343756] cloud-init[956]: | .o..  +*o+o+..=+|
[   15.355978] cloud-init[956]: +----[SHA256]-----+
[   15.366181] cloud-init[956]: Generating public/private ed25519 key pair.
[   15.377626] cloud-init[956]: Your identification has been saved in /etc/ssh/ssh_host_ed25519_key.
[   15.400861] cloud-init[956]: Your public key has been saved in /etc/ssh/ssh_host_ed25519_key.pub.
[   15.421064] cloud-init[956]: The key fingerprint is:
[   15.437815] cloud-init[956]: SHA256:6Cs67KyRATw8dqQutUuQ1t/XT7/skzXe8qMan/Ub9U0 root@ubuntu-xenial
[   15.453616] cloud-init[956]: The key's randomart image is:
[   15.477071] cloud-init[956]: +--[ED25519 256]--+
[   15.490222] cloud-init[956]: |   .             |
[[0;32m  OK  [0m] Started Login to default iSCSI targets.
[[0;32m  OK  [0m] Started System Logging Service.
[   15.522812] cloud-init[956]: |o.+              |
[   15.547544] cloud-init[956]: |+O.o             |
[   15.594114] [[0;32m  OK  [0m] Started LSB: MD monitoring daemon.
cloud-init[956]: |=o+.. ..  .      |
[   15.639171] cloud-init[956]: |o.o  ...S. . .  E|
[   15.647210] cloud-init[956]: |.+ . .  .   o .o=|
[   15.654536] cloud-init[956]: |o..   .    . ..+B|
[   15.697589] [cloud-init[0;32m  OK  [0m[956]: ] | oo .  .    o ===|Reached target Remote File Systems (Pre).

[[0;32m  OK  [0m] Reached target Remote File Systems.
[   15.698183] cloud-init[956]: |.o+o ..    ..+oB*|
[   15.726860] cloud-init[956]: +----[SHA256]-----+
         Starting LSB: Set the CPU Frequency Scaling governor to "ondemand"...
         Starting LSB: automatic crash report generation...
         Starting Permit User Sessions...
         Starting LSB: daemon to balance interrupts for SMP systems...
[[0;32m  OK  [0m] Started LSB: Record successful boot for GRUB.
[[0;32m  OK  [0m] Started Permit User Sessions.
[[0;32m  OK  [0m] Started Login Service.
         Starting Authenticate and Authorize Users to Run Privileged Tasks...
         Starting Hold until boot process finishes up...
         Starting Terminate Plymouth Boot Screen...
[[0;32m  OK  [0m] Started LSB: Set the CPU Frequency Scaling governor to "ondemand".
[[0;32m  OK  [0m] Started Hold until boot process finishes up.
[[0;32m  OK  [0m] Started Terminate Plymouth Boot Screen.
[[0;32m  OK  [0m] Started LXD - container startup/shutdown.
[[0;32m  OK  [0m] Started LSB: daemon to balance interrupts for SMP systems.
[[0;32m  OK  [0m] Started Authenticate and Authorize Users to Run Privileged Tasks.
[[0;32m  OK  [0m] Started Accounts Service.
[[0;32m  OK  [0m] Started LSB: automatic crash report generation.
         Starting Set console scheme...
[[0;32m  OK  [0m] Started Getty on tty1.
[[0;32m  OK  [0m] Started Serial Getty on ttyS0.
[[0;32m  OK  [0m] Reached target Login Prompts.
[[0;32m  OK  [0m] Started Snappy daemon.
[[0;32m  OK  [0m] Started Set console scheme.
[[0;32m  OK  [0m] Started Virtualbox guest utils.
         Starting Wait until snapd is fully seeded...
[[0;32m  OK  [0m] Started Pollinate to seed the pseudo random number generator.
         Starting OpenBSD Secure Shell server...
[[0;32m  OK  [0m] Started OpenBSD Secure Shell server.
[[0;32m  OK  [0m] Created slice User Slice of vagrant.
         Starting User Manager for UID 1000...
[[0;32m  OK  [0m] Started Session 1 of user vagrant.
[[0;32m  OK  [0m] Started User Manager for UID 1000.
[[0;32m  OK  [0m] Started Wait until snapd is fully seeded.
         Starting Apply the settings specified in cloud-config...
[[0;32m  OK  [0m] Reached target Multi-User System.
[[0;32m  OK  [0m] Reached target Graphical Interface.
         Starting Update UTMP about System Runlevel Changes...
[[0;32m  OK  [0m] Started Update UTMP about System Runlevel Changes.
[   19.349505] cloud-init[1365]: Generating locales (this might take a while)...
         Stopping User Manager for UID 1000...
[[0;32m  OK  [0m] Stopped User Manager for UID 1000.
[[0;32m  OK  [0m] Removed slice User Slice of vagrant.
[   21.315286] cloud-init[1365]:   en_US.UTF-8... done
[   21.366240] cloud-init[1365]: Generation complete.
[   22.299953] cloud-init[1365]: Cloud-init v. 18.5-45-g3554ffe8-0ubuntu1~16.04.1 running 'modules:config' at Wed, 29 May 2019 13:06:42 +0000. Up 18.92 seconds.

Ubuntu 16.04.6 LTS ubuntu-xenial ttyS0

ubuntu-xenial login: ci-info: no authorized ssh keys fingerprints found for user ubuntu.
<14>May 29 13:06:46 ec2: 
<14>May 29 13:06:46 ec2: #############################################################
<14>May 29 13:06:46 ec2: -----BEGIN SSH HOST KEY FINGERPRINTS-----
<14>May 29 13:06:46 ec2: 1024 SHA256:DZrXbfi3mhjEuwAj+WYGuXxnIwY7HasW3eZ6WKVEIss root@ubuntu-xenial (DSA)
<14>May 29 13:06:46 ec2: 256 SHA256:+P6/8e+5cCk6Jo2uvMOYahp5dZRyA7DPxk4hbhh6pPM root@ubuntu-xenial (ECDSA)
<14>May 29 13:06:46 ec2: 256 SHA256:6Cs67KyRATw8dqQutUuQ1t/XT7/skzXe8qMan/Ub9U0 root@ubuntu-xenial (ED25519)
<14>May 29 13:06:46 ec2: 2048 SHA256:DUI2Mrv+dSjyonDiRT7I8QiMAYVVRtvyjZcQ0FSznuQ root@ubuntu-xenial (RSA)
<14>May 29 13:06:46 ec2: -----END SSH HOST KEY FINGERPRINTS-----
<14>May 29 13:06:46 ec2: #############################################################
-----BEGIN SSH HOST KEY KEYS-----
ecdsa-sha2-nistp256 AAAAE2VjZHNhLXNoYTItbmlzdHAyNTYAAAAIbmlzdHAyNTYAAABBBFXXcljowMGDgl7Drn+rMh8B7x6UhRu2Wx8E32I6w8fZgvGCvQM8NXuOexPPL2zr8YuqGnInvcpTtne2V9kXKIA= root@ubuntu-xenial
ssh-ed25519 AAAAC3NzaC1lZDI1NTE5AAAAIAmWeJwMl6rfY9e27RAdTxtsqqi71ms2eGh5GXwz5uz3 root@ubuntu-xenial
ssh-rsa AAAAB3NzaC1yc2EAAAADAQABAAABAQDRRg4R44wMF7O8oWz1j6RhAwt+1gr3ijG0YoqJVFz5aUwD9XRSf05jEIbcqiBtsnjxwzz+ziUYM5KxTWlOrVfK14FG9pCqdlPxPPIcjKFKU+nis8QLiqYiPFvta0tRtcwR6HRPoAv8t8DV53UQ360hp+wNTccslgWV4LbWvju+Rg8Ijj3KvewCWyKONadyJEZBP9hSfc3ujfgSYafB3SGqtsLVGWWmK5jeUtpgExGdrG6Mauw/wXGMgxSEGNz8cnZHpCMCxkCne6KoLSYbMFc3vJ6dKxnl3wcgZykl8sEcrzZ8cNg7diFri7f9yqQdxF2bunBXb9TbEHJcteKWowlX root@ubuntu-xenial
-----END SSH HOST KEY KEYS-----
[   23.681110] cloud-init[1616]: Cloud-init v. 18.5-45-g3554ffe8-0ubuntu1~16.04.1 running 'modules:final' at Wed, 29 May 2019 13:06:46 +0000. Up 23.14 seconds.
[   23.706087] cloud-init[1616]: ci-info: no authorized ssh keys fingerprints found for user ubuntu.
[   23.716680] cloud-init[1616]: Cloud-init v. 18.5-45-g3554ffe8-0ubuntu1~16.04.1 finished at Wed, 29 May 2019 13:06:46 +0000. Datasource DataSourceNoCloud [seed=/dev/sdb][dsmode=net].  Up 23.65 seconds
